mode: set
event-explorer/filters/request_filter.go:15.17,18.2 2 1
event-explorer/filters/request_filter.go:22.41,28.2 4 1
event-explorer/filters/request_filter.go:34.41,36.9 2 1
event-explorer/filters/request_filter.go:36.9,38.3 1 1
event-explorer/filters/request_filter.go:40.2,41.17 2 1
event-explorer/filters/request_filter.go:41.17,43.3 1 1
event-explorer/filters/request_filter.go:45.2,47.45 1 1
event-explorer/models/event.go:20.37,22.2 1 1
event-explorer/models/event.go:37.33,38.27 1 1
event-explorer/models/event.go:38.27,40.3 1 1
event-explorer/models/event.go:41.2,41.37 1 1
event-explorer/models/event.go:41.37,43.3 1 1
event-explorer/models/event.go:44.2,44.12 1 1
event-explorer/models/event.go:54.35,54.59 1 1
event-explorer/models/event.go:55.35,55.63 1 1
event-explorer/models/event.go:58.33,58.79 1 1
event-explorer/models/location.go:69.66,71.34 2 1
event-explorer/models/location.go:71.34,72.36 1 1
event-explorer/models/location.go:72.36,73.9 1 1
event-explorer/models/location.go:75.3,76.53 2 1
event-explorer/models/location.go:76.53,77.12 1 1
event-explorer/models/location.go:79.3,80.17 2 1
event-explorer/models/location.go:80.17,81.12 1 1
event-explorer/models/location.go:83.3,86.5 1 1
event-explorer/models/location.go:88.2,88.15 1 1
event-explorer/models/location.go:93.54,97.16 3 1
event-explorer/models/location.go:97.16,99.3 1 1
event-explorer/models/location.go:100.2,100.21 1 1
event-explorer/models/location.go:100.21,102.3 1 1
event-explorer/models/location.go:104.2,106.55 3 1
event-explorer/models/location.go:106.55,108.3 1 1
event-explorer/models/location.go:109.2,109.30 1 1
event-explorer/models/location.go:120.96,121.28 1 1
event-explorer/models/location.go:121.28,122.41 1 1
event-explorer/models/location.go:122.41,123.19 1 1
event-explorer/models/location.go:123.19,125.5 1 1
event-explorer/models/location.go:128.2,128.12 1 1
event-explorer/models/location.go:133.75,135.39 2 1
event-explorer/models/location.go:135.39,136.98 1 1
event-explorer/models/location.go:136.98,138.9 2 1
event-explorer/models/location.go:142.2,144.66 3 1
event-explorer/models/location.go:144.66,147.3 2 1
event-explorer/models/location.go:149.2,149.41 1 1
event-explorer/models/location.go:149.41,151.3 1 1
event-explorer/models/location.go:152.2,152.23 1 1
event-explorer/models/location.go:152.23,154.3 1 1
event-explorer/models/location.go:156.2,161.8 1 1
event-explorer/models/ticketmaster.go:84.34,94.32 2 1
event-explorer/models/ticketmaster.go:94.32,102.3 5 1
event-explorer/models/ticketmaster.go:103.2,103.11 1 1
event-explorer/models/ticketmaster.go:108.55,112.40 3 1
event-explorer/models/ticketmaster.go:112.40,113.40 1 1
event-explorer/models/ticketmaster.go:113.40,114.9 1 1
event-explorer/models/ticketmaster.go:116.3,117.42 2 1
event-explorer/models/ticketmaster.go:117.42,118.12 1 1
event-explorer/models/ticketmaster.go:120.3,121.30 2 1
event-explorer/models/ticketmaster.go:123.2,123.15 1 1
event-explorer/models/ticketmaster.go:131.41,133.24 2 1
event-explorer/models/ticketmaster.go:133.24,135.39 2 1
event-explorer/models/ticketmaster.go:135.39,136.12 1 1
event-explorer/models/ticketmaster.go:138.3,138.44 1 1
event-explorer/models/ticketmaster.go:138.44,140.4 1 1
event-explorer/models/ticketmaster.go:142.2,142.17 1 1
event-explorer/models/ticketmaster.go:142.17,144.3 1 1
event-explorer/models/ticketmaster.go:145.2,145.17 1 1
event-explorer/models/ticketmaster.go:148.38,151.20 3 1
event-explorer/models/ticketmaster.go:151.20,153.3 1 1
event-explorer/models/ticketmaster.go:154.2,154.11 1 1
event-explorer/models/ticketmaster.go:154.11,156.3 1 1
event-explorer/models/ticketmaster.go:157.2,157.26 1 1
event-explorer/models/ticketmaster.go:162.58,164.16 2 1
event-explorer/models/ticketmaster.go:164.16,166.3 1 1
event-explorer/models/ticketmaster.go:167.2,169.80 2 1
event-explorer/models/ticketmaster.go:169.80,171.3 1 1
event-explorer/models/ticketmaster.go:172.2,172.12 1 1
event-explorer/models/ticketmaster.go:175.45,176.27 1 1
event-explorer/models/ticketmaster.go:176.27,177.41 1 1
event-explorer/models/ticketmaster.go:177.41,179.4 1 1
event-explorer/models/ticketmaster.go:181.2,181.11 1 1
event-explorer/models/ticketmaster.go:184.56,187.27 3 1
event-explorer/models/ticketmaster.go:187.27,189.26 2 1
event-explorer/models/ticketmaster.go:189.26,192.4 2 1
event-explorer/models/ticketmaster.go:194.2,194.33 1 1
event-explorer/main.go:13.13,15.16 2 0
event-explorer/main.go:15.16,17.3 1 0
event-explorer/main.go:18.2,24.13 4 0
event-explorer/utils/config.go:27.35,45.28 4 1
event-explorer/utils/config.go:45.28,47.3 1 1
event-explorer/utils/config.go:48.2,48.34 1 1
event-explorer/utils/config.go:48.34,50.3 1 1
event-explorer/utils/config.go:51.3,53.22 2 1
event-explorer/utils/config.go:53.22,55.3 1 1
event-explorer/utils/config.go:57.2,57.17 1 1
event-explorer/utils/config.go:61.34,63.45 2 1
event-explorer/utils/config.go:63.45,64.61 1 1
event-explorer/utils/config.go:64.61,66.4 1 1
event-explorer/utils/config.go:68.2,68.12 1 1
event-explorer/utils/http_client.go:20.36,21.18 1 1
event-explorer/utils/http_client.go:21.18,23.3 1 1
event-explorer/utils/http_client.go:25.2,26.59 1 1
event-explorer/utils/http_client.go:29.57,31.2 1 1
event-explorer/utils/http_client.go:35.76,37.16 2 1
event-explorer/utils/http_client.go:37.16,39.28 2 1
event-explorer/utils/http_client.go:39.28,41.4 1 1
event-explorer/utils/http_client.go:42.3,42.13 1 0
event-explorer/utils/http_client.go:44.2,46.52 2 1
event-explorer/utils/http_client.go:46.52,52.3 2 0
event-explorer/utils/http_client.go:54.2,54.16 1 1
event-explorer/utils/http_client.go:54.16,56.3 1 1
event-explorer/utils/http_client.go:58.2,58.47 1 1
event-explorer/utils/http_client.go:61.33,65.2 2 1
event-explorer/utils/ticket_link.go:22.76,24.15 2 1
event-explorer/utils/ticket_link.go:24.15,26.3 1 1
event-explorer/utils/ticket_link.go:28.2,29.16 2 1
event-explorer/utils/ticket_link.go:29.16,31.3 1 0
event-explorer/utils/ticket_link.go:33.2,33.25 1 1
event-explorer/utils/ticket_link.go:33.25,35.3 1 1
event-explorer/utils/ticket_link.go:36.2,36.19 1 1
event-explorer/utils/ticket_link.go:36.19,38.3 1 1
event-explorer/utils/ticket_link.go:39.2,39.51 1 1
event-explorer/utils/ticket_link.go:39.51,41.3 1 1
event-explorer/utils/ticket_link.go:43.2,44.16 2 1
event-explorer/utils/ticket_link.go:44.16,46.3 1 1
event-explorer/utils/ticket_link.go:47.2,47.42 1 1
event-explorer/utils/ticket_link.go:47.42,49.3 1 1
event-explorer/utils/ticket_link.go:51.2,51.24 1 1
event-explorer/utils/ticket_link.go:58.58,59.29 1 1
event-explorer/utils/ticket_link.go:59.29,61.14 2 1
event-explorer/utils/ticket_link.go:61.14,62.12 1 0
event-explorer/utils/ticket_link.go:64.3,64.50 1 1
event-explorer/utils/ticket_link.go:64.50,66.4 1 1
event-explorer/utils/ticket_link.go:68.2,68.14 1 1
event-explorer/routers/router.go:10.13,32.2 10 1
event-explorer/services/cache.go:18.34,20.2 1 1
event-explorer/services/cache.go:24.54,28.2 1 1
event-explorer/services/cache.go:33.61,38.9 4 1
event-explorer/services/cache.go:38.9,40.3 1 1
event-explorer/services/cache.go:41.2,41.33 1 1
event-explorer/services/cache.go:47.61,52.2 3 1
event-explorer/services/cache.go:54.46,61.2 5 1
event-explorer/services/cache.go:63.34,70.2 5 1
event-explorer/services/cache.go:73.32,77.2 3 1
event-explorer/services/cache.go:81.51,85.2 3 1
event-explorer/services/event_service.go:40.52,42.54 2 1
event-explorer/services/event_service.go:42.54,44.3 1 1
event-explorer/services/event_service.go:45.2,45.46 1 1
event-explorer/services/event_service.go:45.46,47.3 1 1
event-explorer/services/event_service.go:48.2,48.12 1 1
event-explorer/services/event_service.go:60.116,68.2 1 1
event-explorer/services/event_service.go:72.95,81.38 3 1
event-explorer/services/event_service.go:81.38,83.3 1 1
event-explorer/services/event_service.go:84.2,88.23 3 1
event-explorer/services/event_service.go:88.23,92.19 3 1
event-explorer/services/event_service.go:92.19,95.4 2 1
event-explorer/services/event_service.go:95.9,97.4 1 1
event-explorer/services/event_service.go:101.3,101.30 1 1
event-explorer/services/event_service.go:104.2,105.17 2 1
event-explorer/services/event_service.go:111.3,117.15 2 1
event-explorer/services/event_service.go:117.15,118.31 1 1
event-explorer/services/event_service.go:118.31,121.4 2 0
event-explorer/services/event_service.go:122.3,122.13 1 1
event-explorer/services/event_service.go:125.2,130.92 4 1
event-explorer/services/event_service.go:136.113,139.40 2 1
event-explorer/services/event_service.go:139.40,142.3 2 1
event-explorer/services/event_service.go:143.2,146.16 3 1
event-explorer/services/event_service.go:146.16,148.3 1 1
event-explorer/services/event_service.go:150.2,152.20 3 1
event-explorer/services/event_service.go:156.41,160.2 3 1
event-explorer/services/event_service.go:164.53,166.31 2 1
event-explorer/services/event_service.go:166.31,167.34 1 1
event-explorer/services/event_service.go:167.34,169.4 1 1
event-explorer/services/event_service.go:171.2,171.18 1 1
event-explorer/services/event_service.go:177.97,181.57 3 1
event-explorer/services/event_service.go:181.57,183.3 1 1
event-explorer/services/event_service.go:184.2,185.9 2 1
event-explorer/services/event_service.go:185.9,188.3 1 1
event-explorer/services/event_service.go:190.2,193.26 4 1
event-explorer/services/event_service.go:196.115,207.16 9 1
event-explorer/services/event_service.go:207.16,209.3 1 0
event-explorer/services/event_service.go:211.2,212.59 2 1
event-explorer/services/event_service.go:212.59,214.3 1 1
event-explorer/services/event_service.go:215.2,215.42 1 1
event-explorer/services/event_service.go:220.88,222.32 1 1
event-explorer/services/event_service.go:222.32,224.3 1 1
event-explorer/services/event_service.go:226.2,232.16 5 1
event-explorer/services/event_service.go:232.16,234.3 1 0
event-explorer/services/event_service.go:236.2,237.58 2 1
event-explorer/services/event_service.go:237.58,239.76 2 1
event-explorer/services/event_service.go:239.76,241.4 1 1
event-explorer/services/event_service.go:242.3,242.18 1 1
event-explorer/services/event_service.go:245.2,246.41 2 1
event-explorer/services/event_service.go:246.41,249.3 1 1
event-explorer/services/event_service.go:250.2,250.20 1 1
event-explorer/services/event_service.go:253.55,254.26 1 1
event-explorer/services/event_service.go:254.26,256.3 1 1
event-explorer/services/event_service.go:257.2,257.94 1 1
event-explorer/services/location_service.go:41.87,43.2 1 1
event-explorer/services/location_service.go:47.118,51.29 3 1
event-explorer/services/location_service.go:51.29,53.3 1 1
event-explorer/services/location_service.go:54.2,54.29 1 1
event-explorer/services/location_service.go:54.29,56.3 1 1
event-explorer/services/location_service.go:57.2,57.52 1 1
event-explorer/services/location_service.go:57.52,59.3 1 1
event-explorer/services/location_service.go:61.2,67.16 2 1
event-explorer/services/location_service.go:67.16,69.3 1 0
event-explorer/services/location_service.go:71.2,73.16 2 1
event-explorer/services/location_service.go:73.16,75.3 1 0
event-explorer/services/location_service.go:76.2,80.59 4 1
event-explorer/services/location_service.go:80.59,82.3 1 1
event-explorer/services/location_service.go:83.2,83.34 1 1
event-explorer/services/location_service.go:87.113,88.42 1 1
event-explorer/services/location_service.go:88.42,90.3 1 1
event-explorer/services/location_service.go:91.2,91.52 1 1
event-explorer/services/location_service.go:91.52,93.3 1 1
event-explorer/services/location_service.go:95.2,99.16 3 1
event-explorer/services/location_service.go:99.16,101.3 1 0
event-explorer/services/location_service.go:102.2,106.59 4 1
event-explorer/services/location_service.go:106.59,108.3 1 0
event-explorer/services/location_service.go:109.5,109.32 1 1
event-explorer/services/service.go:11.30,16.2 4 1
event-explorer/controllers/api_controller.go:22.40,28.16 2 1
event-explorer/controllers/api_controller.go:28.16,31.3 2 1
event-explorer/controllers/api_controller.go:32.2,32.58 1 1
event-explorer/controllers/api_controller.go:36.40,42.16 2 1
event-explorer/controllers/api_controller.go:42.16,45.3 2 1
event-explorer/controllers/api_controller.go:46.2,46.12 1 1
event-explorer/controllers/api_controller.go:50.46,54.2 3 1
event-explorer/controllers/api_controller.go:58.56,62.9 3 1
event-explorer/controllers/api_controller.go:63.40,65.9 1 0
event-explorer/controllers/api_controller.go:66.48,68.31 2 1
event-explorer/controllers/api_controller.go:69.46,71.86 2 1
event-explorer/controllers/api_controller.go:72.28,74.63 2 1
event-explorer/controllers/api_controller.go:77.2,82.19 5 1
event-explorer/controllers/base.go:15.36,20.2 4 1
event-explorer/controllers/base.go:23.56,26.2 2 1
event-explorer/controllers/base.go:28.74,31.35 3 1
event-explorer/controllers/base.go:31.35,34.3 2 0
event-explorer/controllers/cache_controller.go:19.35,25.2 2 1
event-explorer/controllers/cache_controller.go:29.40,35.16 5 1
event-explorer/controllers/cache_controller.go:35.16,40.3 2 1
event-explorer/controllers/cache_controller.go:42.2,43.14 2 1
event-explorer/controllers/cache_controller.go:43.14,45.3 1 1
event-explorer/controllers/cache_controller.go:46.2,50.4 1 1
event-explorer/controllers/cache_controller.go:55.65,60.2 4 1
event-explorer/controllers/error_controller.go:15.57,23.2 7 1
event-explorer/controllers/error_controller.go:26.38,28.2 1 1
event-explorer/controllers/error_controller.go:31.38,33.2 1 1
event-explorer/controllers/error_controller.go:36.38,38.2 1 1
event-explorer/controllers/page_controller.go:22.33,24.2 1 1
event-explorer/controllers/page_controller.go:27.36,31.67 3 1
event-explorer/controllers/page_controller.go:31.67,35.3 3 1
event-explorer/controllers/page_controller.go:37.2,42.31 5 1
event-explorer/controllers/page_controller.go:46.36,53.16 4 1
event-explorer/controllers/page_controller.go:53.16,54.39 1 1
event-explorer/controllers/page_controller.go:54.39,56.4 1 0
event-explorer/controllers/page_controller.go:58.5,63.9 5 1
event-explorer/controllers/page_controller.go:66.2,67.25 2 1
event-explorer/controllers/page_controller.go:71.54,75.54 3 1
event-explorer/controllers/page_controller.go:75.54,80.3 4 1
event-explorer/controllers/page_controller.go:81.2,81.30 1 1
event-explorer/controllers/page_controller.go:85.44,86.9 1 1
event-explorer/controllers/page_controller.go:87.89,88.113 1 1
event-explorer/controllers/page_controller.go:89.28,90.97 1 1
event-explorer/controllers/page_controller.go:91.10,92.99 1 1
event-explorer/controllers/redirect_controller.go:21.44,28.16 3 1
event-explorer/controllers/redirect_controller.go:28.16,29.39 1 1
event-explorer/controllers/redirect_controller.go:29.39,31.4 1 0
event-explorer/controllers/redirect_controller.go:32.3,35.9 4 1
event-explorer/controllers/redirect_controller.go:39.2,40.16 2 1
event-explorer/controllers/redirect_controller.go:40.16,44.3 3 1
event-explorer/controllers/redirect_controller.go:47.2,48.47 2 1
event-explorer/controllers/redirect_controller.go:48.47,50.3 1 1
event-explorer/controllers/redirect_controller.go:51.2,55.13 4 1
event-explorer/controllers/redirect_controller.go:59.63,66.2 5 1
